refs: ['/usr/share/fonts/noto/NotoSansTelugu-Regular.ttf', '/usr/share/fonts/noto/NotoSerifTelugu-Regular.ttf']
not enough data in post.stringData array
355 forms
row done క
row done ఖ
row done గ
row done ఘ
row done ఙ
row done చ
row done ఛ
row done జ
row done ఝ
row done ఞ
row done ట
row done ఠ
row done డ
row done ఢ
row done ణ
row done త
row done థ
row done ద
row done ధ
row done న
row done ప
row done ఫ
row done బ
row done భ
row done మ
row done య
row done ర
row done ఱ
row done ల
row done ళ
row done వ
row done శ
row done ష
row done స
row done హ
row done క్ష
